1test log entry
test log entry
test log entry
test log entry
test log entry
new

test log entry
test log entry
test log entry
test log entry
test log
test log entry
test log entry
test log
test log
test log
test log
test
test
test
